// Jest Snapshot v1, https://goo.gl/fbAQLP

exports[`Component: MainPage should render correctly 1`] = `
<div>
  <div>
    <section
      class="film-card"
    >
      <div
        class="film-card__bg"
      >
        <img
          alt="name1"
          src="backgroundImage1"
        />
      </div>
      <h1
        class="visually-hidden"
      >
        WTW
      </h1>
      <header
        class="page-header film-card__head"
      >
        <div
          class="logo"
        >
          <a
            class="logo__link"
            href="/"
          >
            <span
              class="logo__letter logo__letter--1"
            >
              W
            </span>
            <span
              class="logo__letter logo__letter--2"
            >
              T
            </span>
            <span
              class="logo__letter logo__letter--3"
            >
              W
            </span>
          </a>
        </div>
        <div
          class="user-block"
        >
          <a
            class="user-block__link"
            href="/login"
          >
            Sign in
          </a>
        </div>
      </header>
      <div
        class="film-card__wrap"
      >
        <div
          class="film-card__info"
        >
          <div
            class="film-card__poster"
          >
            <img
              alt="name1"
              height="327"
              src="posterImage1"
              width="218"
            />
          </div>
          <div
            class="film-card__desc"
          >
            <h2
              class="film-card__title"
            >
              name1
            </h2>
            <p
              class="film-card__meta"
            >
              <span
                class="film-card__genre"
              >
                Comedy
              </span>
              <span
                class="film-card__year"
              >
                1
              </span>
            </p>
            <div
              class="film-card__buttons"
            >
              <button
                class="btn btn--play film-card__button"
                type="button"
              >
                <svg
                  height="19"
                  viewBox="0 0 19 19"
                  width="19"
                >
                  <use
                    xlink:href="#play-s"
                  />
                </svg>
                <span>
                  Play
                </span>
              </button>
              <button
                class="btn btn--list film-card__button"
                type="button"
              >
                <svg
                  height="20"
                  viewBox="0 0 19 20"
                  width="19"
                >
                  <use
                    xlink:href="#in-list"
                  />
                </svg>
                <span>
                  My list
                </span>
              </button>
            </div>
          </div>
        </div>
      </div>
    </section>
    <div
      class="page-content"
    >
      <section
        class="catalog"
      >
        <h2
          class="catalog__title visually-hidden"
        >
          Catalog
        </h2>
        <ul
          class="catalog__genres-list"
        >
          <li
            class="catalog__genres-item"
          >
            <div
              class="catalog__genres-link "
            >
              All genres
            </div>
          </li>
          <li
            class="catalog__genres-item"
          >
            <div
              class="catalog__genres-link "
            >
              Comedy
            </div>
          </li>
        </ul>
        <div
          class="catalog__films-list"
        />
        <div
          class="catalog__more"
        />
      </section>
      <footer
        class="page-footer"
      >
        <div
          class="logo"
        >
          <a
            class="logo__link logo__link--light"
            href="/"
          >
            <span
              class="logo__letter logo__letter--1"
            >
              W
            </span>
            <span
              class="logo__letter logo__letter--2"
            >
              T
            </span>
            <span
              class="logo__letter logo__letter--3"
            >
              W
            </span>
          </a>
        </div>
        <div
          class="copyright"
        >
          <p>
            Â© 2019 What to watch Ltd.
          </p>
        </div>
      </footer>
    </div>
  </div>
  ;
</div>
`;
