// Jest Snapshot v1, https://goo.gl/fbAQLP

exports[`Component: HeaderUserBlock should render correctly 1`] = `
<div>
  <ul
    class="user-block"
  >
    <li
      class="user-block__item"
    >
      <div
        class="user-block__avatar"
      >
        <img
          alt="User avatar"
          height="63"
          src="img/avatar.jpg"
          width="63"
        />
      </div>
    </li>
    <li
      class="user-block__item"
    >
      <div />
      <div
        class="user-block__link"
      >
        Sign out
      </div>
    </li>
  </ul>
  ;
</div>
`;
