// Jest Snapshot v1, https://goo.gl/fbAQLP

exports[`Component: Tabs should render correctly 1`] = `
<div>
  <div
    class="film-card__desc"
  >
    <nav
      class="film-nav film-card__nav"
    >
      <ul
        class="film-nav__list"
      >
        <li
          class="film-nav__item film-nav__item--active"
        >
          <div
            class="film-nav__link"
          >
            Overview
          </div>
        </li>
        <li
          class="film-nav__item"
        >
          <div
            class="film-nav__link"
          >
            Details
          </div>
        </li>
        <li
          class="film-nav__item"
        >
          <div
            class="film-nav__link"
          >
            Reviews
          </div>
        </li>
      </ul>
    </nav>
    <div>
      <div
        class="film-rating"
      >
        <div
          class="film-rating__score"
        >
          1
        </div>
        <p
          class="film-rating__meta"
        >
          <span
            class="film-rating__level"
          >
            Bad
          </span>
          <span
            class="film-rating__count"
          >
            1
          </span>
        </p>
      </div>
      <div
        class="film-card__text"
      >
        <p>
          description1
        </p>
        <p
          class="film-card__director"
        >
          <strong>
            Director: 
            director1
          </strong>
        </p>
        <p
          class="film-card__starring"
        >
          <strong>
            Starring: 
            actor1
            actor2
          </strong>
        </p>
      </div>
    </div>
  </div>
</div>
`;
