// Jest Snapshot v1, https://goo.gl/fbAQLP

exports[`Component: MoviesList should render correctly 1`] = `
<div>
  <div
    class="user-page"
  >
    <header
      class="page-header user-page__head"
    >
      <div
        class="logo"
      >
        <a
          class="logo__link"
          href="/"
        >
          <span
            class="logo__letter logo__letter--1"
          >
            W
          </span>
          <span
            class="logo__letter logo__letter--2"
          >
            T
          </span>
          <span
            class="logo__letter logo__letter--3"
          >
            W
          </span>
        </a>
      </div>
      <h1
        class="page-title user-page__title"
      >
        My list
      </h1>
      <div
        class="user-block"
      >
        <a
          class="user-block__link"
          href="/login"
        >
          Sign in
        </a>
      </div>
    </header>
    <section
      class="catalog"
    >
      <h2
        class="catalog__title visually-hidden"
      >
        Catalog
      </h2>
      <div
        class="catalog__films-list"
      >
        <article
          class="small-film-card catalog__films-card"
        >
          <div
            class="small-film-card__image"
          >
            <img
              alt=""
              height="175"
              src="posterImage2"
              width="280"
            />
            ;
          </div>
          <h3
            class="small-film-card__title"
          >
            <div
              class="small-film-card__link"
            >
              name2
            </div>
          </h3>
        </article>
        <article
          class="small-film-card catalog__films-card"
        >
          <div
            class="small-film-card__image"
          >
            <img
              alt=""
              height="175"
              src="posterImage1"
              width="280"
            />
            ;
          </div>
          <h3
            class="small-film-card__title"
          >
            <div
              class="small-film-card__link"
            >
              name1
            </div>
          </h3>
        </article>
      </div>
    </section>
    <footer
      class="page-footer"
    >
      <div
        class="logo"
      >
        <a
          class="logo__link logo__link--light"
          href="/"
        >
          <span
            class="logo__letter logo__letter--1"
          >
            W
          </span>
          <span
            class="logo__letter logo__letter--2"
          >
            T
          </span>
          <span
            class="logo__letter logo__letter--3"
          >
            W
          </span>
        </a>
      </div>
      <div
        class="copyright"
      >
        <p>
          Â© 2019 What to watch Ltd.
        </p>
      </div>
    </footer>
  </div>
</div>
`;
