// Jest Snapshot v1, https://goo.gl/fbAQLP

exports[`Component: App should render correctly 1`] = `
<div>
  <div
    style="display: flex; justify-content: center; height: 100vh; align-items: center;"
  >
    Загрузка...
  </div>
  ;
</div>
`;
