// Jest Snapshot v1, https://goo.gl/fbAQLP

exports[`Component: MoviePageOverview should render correctly 1`] = `
<div>
  <div
    class="film-rating"
  >
    <div
      class="film-rating__score"
    >
      1
    </div>
    <p
      class="film-rating__meta"
    >
      <span
        class="film-rating__level"
      >
        Bad
      </span>
      <span
        class="film-rating__count"
      >
        1
      </span>
    </p>
  </div>
  <div
    class="film-card__text"
  >
    <p />
    <p
      class="film-card__director"
    >
      <strong>
        Director: 
        
      </strong>
    </p>
    <p
      class="film-card__starring"
    >
      <strong>
        Starring: 
        1
        2
      </strong>
    </p>
  </div>
  ;
</div>
`;
