// Jest Snapshot v1, https://goo.gl/fbAQLP

exports[`Component: MoviesList should render correctly 1`] = `<div />`;
