// Jest Snapshot v1, https://goo.gl/fbAQLP

exports[`Component: MoviePage should render correctly 1`] = `
<div>
  <section
    class="film-card film-card--full"
  >
    <div
      class="film-card__hero"
    >
      <div
        class="film-card__bg"
      >
        <img
          alt=""
          src=""
        />
      </div>
      <h1
        class="visually-hidden"
      >
        WTW
      </h1>
      <header
        class="page-header film-card__head"
      >
        <div
          class="logo"
        >
          <a
            class="logo__link"
            href="/"
          >
            <span
              class="logo__letter logo__letter--1"
            >
              W
            </span>
            <span
              class="logo__letter logo__letter--2"
            >
              T
            </span>
            <span
              class="logo__letter logo__letter--3"
            >
              W
            </span>
          </a>
        </div>
        <div
          class="user-block"
        >
          <a
            class="user-block__link"
            href="/login"
          >
            Sign in
          </a>
        </div>
      </header>
      <div
        class="film-card__wrap"
      >
        <div
          class="film-card__desc"
        >
          <h2
            class="film-card__title"
          />
          <p
            class="film-card__meta"
          >
            <span
              class="film-card__genre"
            />
            <span
              class="film-card__year"
            >
              1
            </span>
          </p>
          <div
            class="film-card__buttons"
          >
            <button
              class="btn btn--play film-card__button"
              type="button"
            >
              <svg
                height="19"
                viewBox="0 0 19 19"
                width="19"
              >
                <use
                  xlink:href="#play-s"
                />
              </svg>
              <span>
                Play
              </span>
            </button>
            <button
              class="btn btn--list film-card__button"
              type="button"
            >
              <svg
                height="20"
                viewBox="0 0 19 20"
                width="19"
              >
                <use
                  xlink:href="#in-list"
                />
              </svg>
              <span>
                My list
              </span>
            </button>
            <a
              class="btn film-card__button"
              href="/films/1/review"
            >
              Add review
            </a>
          </div>
        </div>
      </div>
    </div>
    <div
      class="film-card__wrap film-card__translate-top"
    >
      <div
        class="film-card__info"
      >
        <div
          class="film-card__poster film-card__poster--big"
        >
          <img
            alt=""
            height="327"
            src=""
            width="218"
          />
        </div>
        <div
          class="film-card__desc"
        >
          <nav
            class="film-nav film-card__nav"
          >
            <ul
              class="film-nav__list"
            >
              <li
                class="film-nav__item film-nav__item--active"
              >
                <div
                  class="film-nav__link"
                >
                  Overview
                </div>
              </li>
              <li
                class="film-nav__item"
              >
                <div
                  class="film-nav__link"
                >
                  Details
                </div>
              </li>
              <li
                class="film-nav__item"
              >
                <div
                  class="film-nav__link"
                >
                  Reviews
                </div>
              </li>
            </ul>
          </nav>
          <div>
            <div
              class="film-rating"
            >
              <div
                class="film-rating__score"
              >
                1
              </div>
              <p
                class="film-rating__meta"
              >
                <span
                  class="film-rating__level"
                >
                  Bad
                </span>
                <span
                  class="film-rating__count"
                >
                  1
                </span>
              </p>
            </div>
            <div
              class="film-card__text"
            >
              <p />
              <p
                class="film-card__director"
              >
                <strong>
                  Director: 
                  
                </strong>
              </p>
              <p
                class="film-card__starring"
              >
                <strong>
                  Starring: 
                  
                  
                </strong>
              </p>
            </div>
          </div>
        </div>
      </div>
    </div>
  </section>
  <div
    class="page-content"
  >
    <section
      class="catalog catalog--like-this"
    >
      <h2
        class="catalog__title"
      >
        More like this
      </h2>
      <div
        class="catalog__films-list"
      >
        <article
          class="small-film-card catalog__films-card"
        >
          <div
            class="small-film-card__image"
          >
            <img
              alt=""
              height="175"
              src=""
              width="280"
            />
            ;
          </div>
          <h3
            class="small-film-card__title"
          >
            <div
              class="small-film-card__link"
            />
          </h3>
        </article>
        <article
          class="small-film-card catalog__films-card"
        >
          <div
            class="small-film-card__image"
          >
            <img
              alt=""
              height="175"
              src=""
              width="280"
            />
            ;
          </div>
          <h3
            class="small-film-card__title"
          >
            <div
              class="small-film-card__link"
            />
          </h3>
        </article>
      </div>
    </section>
    <footer
      class="page-footer"
    >
      <div
        class="logo"
      >
        <a
          class="logo__link logo__link--light"
          href="/"
        >
          <span
            class="logo__letter logo__letter--1"
          >
            W
          </span>
          <span
            class="logo__letter logo__letter--2"
          >
            T
          </span>
          <span
            class="logo__letter logo__letter--3"
          >
            W
          </span>
        </a>
      </div>
      <div
        class="copyright"
      >
        <p>
          Â© 2019 What to watch Ltd.
        </p>
      </div>
    </footer>
  </div>
  ;
</div>
`;
