// Jest Snapshot v1, https://goo.gl/fbAQLP

exports[`Component: MyListButton should render correctly 1`] = `
<div>
  <button
    class="btn btn--list film-card__button"
    type="button"
  >
    <svg
      height="20"
      viewBox="0 0 19 20"
      width="19"
    >
      <use
        xlink:href="#in-list"
      />
    </svg>
    <span>
      My list
    </span>
  </button>
</div>
`;
