// Jest Snapshot v1, https://goo.gl/fbAQLP

exports[`Component: Header should render correctly 1`] = `
<div>
  <header
    class="page-header film-card__head"
  >
    <div
      class="logo"
    >
      <a
        class="logo__link"
        href="/"
      >
        <span
          class="logo__letter logo__letter--1"
        >
          W
        </span>
        <span
          class="logo__letter logo__letter--2"
        >
          T
        </span>
        <span
          class="logo__letter logo__letter--3"
        >
          W
        </span>
      </a>
    </div>
    <div
      class="user-block"
    >
      <a
        class="user-block__link"
        href="/login"
      >
        Sign in
      </a>
    </div>
  </header>
  ;
</div>
`;
